// Jest Snapshot v1, https://goo.gl/fbAQLP

exports[`useFetchState matches snapshot 1`] = `
<div>
  false
  false
  "error"
  null
</div>
`;
